============================
DOCTEST for 0-add_integer.py
============================
""" How to test add_integer() function """
# python3 -m doctest -v ./test/0-add_integer.txt

___________________________________________

""" Importing the add_integer() function """
___________________________________________

>>> add_integer = __import__('0-add_integer').add_integer

Normal Usage
===========

>>> add_integer(1, 2)
3

>>> add_integer(5.56, 1)
6

>>> add_integer(4, 3.38)
7

>>> add_integer(2.98, 8.12)
10

>>> add_integer(-1, -1)
-2

>>> add_integer(-1, 2)
1

>>> add_integer(1, -2)
-1

>>> add_integer(-1, 1)
0

>>> add_integer(0, 10)
10

>>> add_integer(15, 0)
15

>>> add_integer(0, 0)
0

Edge Cases
==========

>>> add_integer("hello", 2)
Traceback (most recent call last):
....
TypeError: a must be an integer

>>> add_integer(3, "bad")
Traceback (most recent call last):
....
TypeError: b must be an integer

>>> add_integer(3)
101

>>> add_integer(5, None)
Traceback (most recent call last):
....
TypeError: b must be an integer

>>> add_integer(None)
Traceback (most recent call last):
....
TypeError: a must be an integer

>>> add_integer()
Traceback (most recent call last):
...
TypeError: add_integer() missing 1 required positional argument: 'a'
